施設側の記録のみ: 3541 件
  1/20 n10588164040 … 根拠あり: toilets=yes | ローソン
  2/20 n5004697521 … 根拠あり: toilets=yes | マクドナルド
  3/20 w374103424 … 根拠あり: toilets:wheelchair=no | ローソン 森町富士見店
  4/20 n1256301558 … 根拠あり: toilets=yes | 凌駕 IDEA
  5/20 n7227674627 … 根拠あり: toilets=yes, toilets:access=customers | 餃子の王将
  6/20 n2078405153 … 根拠あり: toilets:wheelchair=no | マルアイ王塚台店
  7/20 n10255638448 … 根拠あり: toilets:wheelchair=yes | 環状通東
  8/20 w664125993 … 根拠あり: toilets:wheelchair=yes | 梅花幼稚園
  9/20 w1306854146 … 根拠あり: toilets=yes | 松屋
  10/20 n11882779346 … 根拠あり: toilets=yes | ユニバース
  11/20 n872094921 … 根拠あり: toilets:wheelchair=no | すしざんまい
  12/20 w155910329 … 根拠あり: toilets:wheelchair=yes | 
  13/20 w426077214 … 根拠あり: toilets:wheelchair=no | アートスペース泉
  14/20 n3188029644 … 根拠あり: toilets=yes | WonderGOO
  15/20 n8338768882 … 根拠あり: toilets:wheelchair=yes | セブン-イレブン
  16/20 n10647792938 … 根拠あり: toilets=yes | ASICS Museum
  17/20 n3362049482 … 根拠あり: toilets:wheelchair=yes | はぁぶらんど
  18/20 n1533536688 … 根拠あり: toilets:wheelchair=no | 私立広尾学園高等学校
  19/20 w172091531 … 根拠あり: toilets:wheelchair=yes | 札幌学院大学
  20/20 n4970528633 … 根拠あり: toilets=yes | 六献

根拠あり 20 / 根拠なし 0 / 確認できず 0
